<?xml version="1.0" encoding="utf-8"?><testsuites><testsuite name="pytest" errors="0" failures="0" skipped="0" tests="19" time="29.246" timestamp="2025-01-31T14:27:04.974190+01:00" hostname="Agnieszkas-MBP.home"><testcase classname="tests.integration.test_pdf_loader" name="test_load_all_pdfs_with_valid_pdf" time="0.031" /><testcase classname="tests.integration.test_pdf_loader" name="test_load_all_pdfs_with_empty_directory" time="0.001" /><testcase classname="tests.integration.test_pdf_loader" name="test_load_all_pdfs_with_non_pdf_files" time="0.008" /><testcase classname="tests.integration.test_pdf_loader" name="test_load_all_pdfs_with_corrupt_pdf" time="0.002" /><testcase classname="tests.performance.test_rag_performance" name="test_faiss_search_performance" time="27.414" /><testcase classname="tests.unit.test_faiss_manager" name="test_load_existing_faiss_index" time="0.004" /><testcase classname="tests.unit.test_faiss_manager" name="test_create_new_faiss_index_with_text" time="0.003" /><testcase classname="tests.unit.test_faiss_manager" name="test_create_new_faiss_index_with_metadata" time="0.003" /><testcase classname="tests.unit.test_faiss_manager" name="test_create_new_faiss_index_with_invalid_input" time="0.003" /><testcase classname="tests.unit.test_faiss_manager" name="test_create_new_faiss_index_with_empty_input" time="0.002" /><testcase classname="tests.unit.test_gpt_model" name="test_initialize_gpt_model" time="0.001" /><testcase classname="tests.unit.test_gpt_model" name="test_initialize_gpt_model_default_temperature" time="0.001" /><testcase classname="tests.unit.test_prompt_template" name="test_create_prompt_template" time="0.001" /><testcase classname="tests.unit.test_rag_pipeline" name="test_create_chain_structure" time="0.005" /><testcase classname="tests.unit.test_retriever" name="test_create_retriever" time="0.001" /><testcase classname="tests.unit.test_text_splitter" name="test_split_text_into_chunks_basic" time="0.001" /><testcase classname="tests.unit.test_text_splitter" name="test_split_text_into_chunks_overlap" time="0.001" /><testcase classname="tests.unit.test_text_splitter" name="test_split_text_into_chunks_exact_fit" time="0.001" /><testcase classname="tests.unit.test_text_splitter" name="test_split_text_into_chunks_small_text" time="0.001" /></testsuite></testsuites>
